
> frontend@0.1.0 build
> react-scripts build

Creating an optimized production build...

Treating warnings as errors because process.env.CI = true.
Most CI servers set it automatically.

Failed to compile.

[eslint] 
src\App.js
  Line 23:7:  'DashboardPlaceholder' is assigned a value but never used  no-unused-vars

src\pages\ActionRecommendations.jsx
  Line 93:11:   'formatDays' is assigned a value but never used          no-unused-vars
  Line 101:11:  'getDaysUntilExpiry' is assigned a value but never used  no-unused-vars

src\pages\Alerts.jsx
  Line 31:6:  React Hook useEffect has a missing dependency: 'fetchAlerts'. Either include it or remove the dependency array  react-hooks/exhaustive-deps

src\pages\BatchRegistration.jsx
  Line 17:9:  'userName' is assigned a value but never used  no-unused-vars

src\pages\Dashboard.jsx
  Line 88:8:  React Hook useEffect has a missing dependency: 'fetchAllData'. Either include it or remove the dependency array  react-hooks/exhaustive-deps

src\pages\Login.jsx
  Line 3:8:  'axios' is defined but never used  no-unused-vars


